======================================================================
python : Traceback (most 
recent call last):
At line:1 char:1
+ python 
test_create_operations.py > 
test_output.txt 2>&1
+ ~~~~~~~~~~~~~~~~~~~~~~~~~~
~~~~~~~~~~~~~~~~~~~~~~~~~~~~
~
    + CategoryInfo          
    : NotSpecified: (Trace  
  back (most recent call    
 last)::String) [], Remo    
teException
    + FullyQualifiedErrorId 
    : NativeCommandError
 
  File "D:\Portfolio_Fastapi
_antigravity_fully_dynamic\b
ackend\test_create_operation
s.py", line 26, in <module>
TESTING EXPERIENCE & EDUCATION CREATE
======================================================================

1. Logging in...
    print("   \u2713 Login 
successful")
  File "C:\Users\PC\anaconda
\lib\encodings\cp1252.py", 
line 19, in encode
    return codecs.charmap_en
code(input,self.errors,encod
ing_table)[0]
UnicodeEncodeError: 
'charmap' codec can't 
encode character '\u2713' 
in position 3: character 
maps to <undefined>
